TAP version 13
# Subtest: automatic lifecycle labels avoid band headings on the reported fixture
ok 1 - automatic lifecycle labels avoid band headings on the reported fixture
  ---
  duration_ms: 316.683416
  type: 'test'
  ...
# Subtest: explicit collision with band 1 is diagnosed without changing authored coordinates
ok 2 - explicit collision with band 1 is diagnosed without changing authored coordinates
  ---
  duration_ms: 235.957
  type: 'test'
  ...
# Subtest: explicit collision with band 2 is diagnosed without changing authored coordinates
ok 3 - explicit collision with band 2 is diagnosed without changing authored coordinates
  ---
  duration_ms: 266.471459
  type: 'test'
  ...
# Subtest: explicit collision with band 3 is diagnosed without changing authored coordinates
ok 4 - explicit collision with band 3 is diagnosed without changing authored coordinates
  ---
  duration_ms: 183.107083
  type: 'test'
  ...
# Subtest: same-label collisions retain a diagnostic for each transition
ok 5 - same-label collisions retain a diagnostic for each transition
  ---
  duration_ms: 210.245167
  type: 'test'
  ...
# Subtest: standard preserves authored label placement
ok 6 - standard preserves authored label placement
  ---
  duration_ms: 131.047417
  type: 'test'
  ...
# Subtest: real browser keeps all band titles clear in both themes, including long Chinese headings
ok 7 - real browser keeps all band titles clear in both themes, including long Chinese headings
  ---
  duration_ms: 1106.751459
  type: 'test'
  ...
# Subtest: lifecycle: the deployment release starter passes showcase delivery and artifact checks
ok 8 - lifecycle: the deployment release starter passes showcase delivery and artifact checks
  ---
  duration_ms: 795.009792
  type: 'test'
  ...
# Subtest: lifecycle: a first draft without route controls validates for showcase
ok 9 - lifecycle: a first draft without route controls validates for showcase
  ---
  duration_ms: 253.531334
  type: 'test'
  ...
# Subtest: lifecycle: planner routes render as one semantic edge with a crossover mask, presets keep their own path
ok 10 - lifecycle: planner routes render as one semantic edge with a crossover mask, presets keep their own path
  ---
  duration_ms: 272.580625
  type: 'test'
  ...
# Subtest: lifecycle: a fan-out first draft keeps every label beside its own transition
ok 11 - lifecycle: a fan-out first draft keeps every label beside its own transition
  ---
  duration_ms: 502.651542
  type: 'test'
  ...
# Subtest: lifecycle rail stays ordinary in READ and hides for hover, relationship preview, and committed focus
ok 12 - lifecycle rail stays ordinary in READ and hides for hover, relationship preview, and committed focus
  ---
  duration_ms: 1708.462083
  type: 'test'
  ...
# Subtest: v2 外绕路径完整落在原画布内: {"count":6}
ok 13 - v2 外绕路径完整落在原画布内: {"count":6}
  ---
  duration_ms: 323.772416
  type: 'test'
  ...
# Subtest: v2 外绕路径完整落在原画布内: {"count":6,"quality":"standard"}
ok 14 - v2 外绕路径完整落在原画布内: {"count":6,"quality":"standard"}
  ---
  duration_ms: 324.502083
  type: 'test'
  ...
# Subtest: v2 外绕路径完整落在原画布内: {"count":6,"viewBox":[1000,800]}
ok 15 - v2 外绕路径完整落在原画布内: {"count":6,"viewBox":[1000,800]}
  ---
  duration_ms: 318.342583
  type: 'test'
  ...
# Subtest: v2 外绕路径完整落在原画布内: {"count":6,"width":4}
ok 16 - v2 外绕路径完整落在原画布内: {"count":6,"width":4}
  ---
  duration_ms: 290.873083
  type: 'test'
  ...
# Subtest: v2 外绕路径完整落在原画布内: {"count":6,"width":6}
ok 17 - v2 外绕路径完整落在原画布内: {"count":6,"width":6}
  ---
  duration_ms: 284.388416
  type: 'test'
  ...
# Subtest: v2 外绕路径完整落在原画布内: {"count":8}
ok 18 - v2 外绕路径完整落在原画布内: {"count":8}
  ---
  duration_ms: 317.984042
  type: 'test'
  ...
# Subtest: v2 外绕路径完整落在原画布内: {"count":10}
ok 19 - v2 外绕路径完整落在原画布内: {"count":10}
  ---
  duration_ms: 246.021166
  type: 'test'
  ...
# Subtest: v2 外绕路径完整落在原画布内: {"count":6,"col":4,"right":true}
ok 20 - v2 外绕路径完整落在原画布内: {"count":6,"col":4,"right":true}
  ---
  duration_ms: 232.031666
  type: 'test'
  ...
# Subtest: v2 外绕路径完整落在原画布内: {"count":6,"col":4,"right":true,"viewBox":[1044,800]}
ok 21 - v2 外绕路径完整落在原画布内: {"count":6,"col":4,"right":true,"viewBox":[1044,800]}
  ---
  duration_ms: 234.339625
  type: 'test'
  ...
# Subtest: 越界回线重排后不进入泳道标题占用的左侧区域
ok 22 - 越界回线重排后不进入泳道标题占用的左侧区域
  ---
  duration_ms: 215.20175
  type: 'test'
  ...
# Subtest: 标题与固定侧边不能同时容纳六条轨道时保留作者端口
ok 23 - 标题与固定侧边不能同时容纳六条轨道时保留作者端口
  ---
  duration_ms: 212.866459
  type: 'test'
  ...
# Subtest: v2 少量外绕关系控制组: 1
ok 24 - v2 少量外绕关系控制组: 1
  ---
  duration_ms: 201.247459
  type: 'test'
  ...
# Subtest: v2 少量外绕关系控制组: 2
ok 25 - v2 少量外绕关系控制组: 2
  ---
  duration_ms: 202.337291
  type: 'test'
  ...
# Subtest: v2 少量外绕关系控制组: 3
ok 26 - v2 少量外绕关系控制组: 3
  ---
  duration_ms: 207.850708
  type: 'test'
  ...
# Subtest: v2 少量外绕关系控制组: 4
ok 27 - v2 少量外绕关系控制组: 4
  ---
  duration_ms: 224.786375
  type: 'test'
  ...
# Subtest: v2 少量外绕关系控制组: 5
ok 28 - v2 少量外绕关系控制组: 5
  ---
  duration_ms: 219.587375
  type: 'test'
  ...
# Subtest: v2 空余左侧空间足够时保留原路由: col=1
ok 29 - v2 空余左侧空间足够时保留原路由: col=1
  ---
  duration_ms: 207.948084
  type: 'test'
  ...
# Subtest: v2 空余左侧空间足够时保留原路由: col=4
ok 30 - v2 空余左侧空间足够时保留原路由: col=4
  ---
  duration_ms: 205.60325
  type: 'test'
  ...
# Subtest: 显式 via/channel 坐标不随旁边的自动外绕轨道调整
ok 31 - 显式 via/channel 坐标不随旁边的自动外绕轨道调整
  ---
  duration_ms: 209.075792
  type: 'test'
  ...
# Subtest: 左右两组外绕同时越界时，换侧关系只布局一次
ok 32 - 左右两组外绕同时越界时，换侧关系只布局一次
  ---
  duration_ms: 226.986041
  type: 'test'
  ...
# Subtest: 显式 bottom-channel 的坐标保持原值
ok 33 - 显式 bottom-channel 的坐标保持原值
  ---
  duration_ms: 214.218125
  type: 'test'
  ...
# Subtest: start 状态初始标记保持可用，外绕仍避开其左侧
ok 34 - start 状态初始标记保持可用，外绕仍避开其左侧
  ---
  duration_ms: 217.992417
  type: 'test'
  ...
# Subtest: 换侧走廊避开其他列的初始圆点和箭线，并保留可见轨道间距
ok 35 - 换侧走廊避开其他列的初始圆点和箭线，并保留可见轨道间距
  ---
  duration_ms: 229.269958
  type: 'test'
  ...
# Subtest: 左右两组都需要换到内侧时，不形成新的共享水平走廊
ok 36 - 左右两组都需要换到内侧时，不形成新的共享水平走廊
  ---
  duration_ms: 223.321083
  type: 'test'
  ...
# Subtest: 宽中间状态仍有可用空间时，外绕关系可换到right侧
ok 37 - 宽中间状态仍有可用空间时，外绕关系可换到right侧
  ---
  duration_ms: 220.853625
  type: 'test'
  ...
# Subtest: 宽中间状态不能覆盖作者固定的left侧端口
ok 38 - 宽中间状态不能覆盖作者固定的left侧端口
  ---
  duration_ms: 218.802333
  type: 'test'
  ...
# Subtest: 宽中间状态仍有可用空间时，外绕关系可换到left侧
ok 39 - 宽中间状态仍有可用空间时，外绕关系可换到left侧
  ---
  duration_ms: 226.373583
  type: 'test'
  ...
# Subtest: 宽中间状态不能覆盖作者固定的right侧端口
ok 40 - 宽中间状态不能覆盖作者固定的right侧端口
  ---
  duration_ms: 206.70025
  type: 'test'
  ...
# Subtest: 同列跨度外的宽状态不挤占换侧走廊
ok 41 - 同列跨度外的宽状态不挤占换侧走廊
  ---
  duration_ms: 213.37125
  type: 'test'
  ...
# Subtest: 同组不同跨度保留原本已避开宽节点及邻列的换侧候选
ok 42 - 同组不同跨度保留原本已避开宽节点及邻列的换侧候选
  ---
  duration_ms: 218.336958
  type: 'test'
  ...
1..42
# tests 42
# suites 0
# pass 42
# fail 0
# cancelled 0
# skipped 0
# todo 0
# duration_ms 7153.418166
