✖ 越界回线重排后不进入泳道标题占用的左侧区域 (214.725292ms)
✔ 标题与固定侧边不能同时容纳六条轨道时保留作者端口 (210.687875ms)
ℹ tests 2
ℹ suites 0
ℹ pass 1
ℹ fail 1
ℹ cancelled 0
ℹ skipped 0
ℹ todo 0
ℹ duration_ms 469.764625

✖ failing tests:

test at archify/test/lifecycle-route-bounds.test.mjs:100:1
✖ 越界回线重排后不进入泳道标题占用的左侧区域 (214.725292ms)
  AssertionError [ERR_ASSERTION]: t1 与泳道标题 main 重叠
      at TestContext.<anonymous> (file:///Users/huangjing/Documents/WorkCodeingPlace/WorkCodeingPlace/python_project/archify-lifecycle-route-bounds/archify/test/lifecycle-route-bounds.test.mjs:114:16)
      at Test.runInAsyncScope (node:async_hooks:227:14)
      at Test.run (node:internal/test_runner/test:1325:25)
      at Test.start (node:internal/test_runner/test:1191:17)
      at startSubtestAfterBootstrap (node:internal/test_runner/harness:385:17) {
    generatedMessage: false,
    code: 'ERR_ASSERTION',
    actual: false,
    expected: true,
    operator: '==',
    diff: 'simple'
  }
