✖ 宽中间状态仍有可用空间时，外绕关系可换到right侧 (265.412666ms)
✖ 宽中间状态仍有可用空间时，外绕关系可换到left侧 (369.003708ms)
ℹ tests 2
ℹ suites 0
ℹ pass 0
ℹ fail 2
ℹ cancelled 0
ℹ skipped 0
ℹ todo 0
ℹ duration_ms 685.0085

✖ failing tests:

test at archify/test/lifecycle-route-bounds.test.mjs:206:3
✖ 宽中间状态仍有可用空间时，外绕关系可换到right侧 (265.412666ms)
  AssertionError [ERR_ASSERTION]: t4: x=2, halo=2.55, canvas=640
      at contained (file:///Users/huangjing/Documents/WorkCodeingPlace/WorkCodeingPlace/python_project/archify-lifecycle-route-bounds/archify/test/lifecycle-route-bounds.test.mjs:60:14)
      at TestContext.<anonymous> (file:///Users/huangjing/Documents/WorkCodeingPlace/WorkCodeingPlace/python_project/archify-lifecycle-route-bounds/archify/test/lifecycle-route-bounds.test.mjs:216:5)
      at Test.runInAsyncScope (node:async_hooks:227:14)
      at Test.run (node:internal/test_runner/test:1325:25)
      at Test.start (node:internal/test_runner/test:1191:17)
      at startSubtestAfterBootstrap (node:internal/test_runner/harness:385:17) {
    generatedMessage: false,
    code: 'ERR_ASSERTION',
    actual: false,
    expected: true,
    operator: '==',
    diff: 'simple'
  }

test at archify/test/lifecycle-route-bounds.test.mjs:206:3
✖ 宽中间状态仍有可用空间时，外绕关系可换到left侧 (369.003708ms)
  AssertionError [ERR_ASSERTION]: t1: x=532, halo=2.55, canvas=532
      at contained (file:///Users/huangjing/Documents/WorkCodeingPlace/WorkCodeingPlace/python_project/archify-lifecycle-route-bounds/archify/test/lifecycle-route-bounds.test.mjs:60:14)
      at TestContext.<anonymous> (file:///Users/huangjing/Documents/WorkCodeingPlace/WorkCodeingPlace/python_project/archify-lifecycle-route-bounds/archify/test/lifecycle-route-bounds.test.mjs:216:5)
      at Test.runInAsyncScope (node:async_hooks:227:14)
      at Test.run (node:internal/test_runner/test:1325:25)
      at Test.processPendingSubtests (node:internal/test_runner/test:911:18)
      at Test.postRun (node:internal/test_runner/test:1465:19)
      at Test.run (node:internal/test_runner/test:1390:12)
      at async startSubtestAfterBootstrap (node:internal/test_runner/harness:385:3) {
    generatedMessage: false,
    code: 'ERR_ASSERTION',
    actual: false,
    expected: true,
    operator: '==',
    diff: 'simple'
  }
